react-hackernews-clone@1.0.0 start /Users/anton/Google Drive/Projects/hackernews
> webpack-dev-server

module.js:442
    throw err;
    ^

Error: Cannot find module 'process-nextick-args'
    at Function.Module._resolveFilename (module.js:440:15)
    at Function.Module._load (module.js:388:25)
    at Module.require (module.js:468:17)
    at require (internal/module.js:20:19)
    at Object.<anonymous> (/Users/anton/Google Drive/Projects/hackernews/node_modules/memory-fs/node_modules/readable-stream/lib/_stream_readable.js:6:23)
    at Module._compile (module.js:541:32)
    at Object.Module._extensions..js (module.js:550:10)
    at Module.load (module.js:458:32)
    at tryModuleLoad (module.js:417:12)
    at Function.Module._load (module.js:409:3)

